[shreethemes.in/doctris/admin/index.html]
[backblue.gif]
[fade.gif]
[index.html]
[shreethemes.in/doctris/admin/images/favicon.ico]
[shreethemes.in/doctris/admin/css/bootstrap.min.css]
[shreethemes.in/doctris/admin/css/simplebar.css]
[shreethemes.in/doctris/admin/css/select2.min.css]
[shreethemes.in/doctris/admin/css/materialdesignicons.min.css]
[shreethemes.in/doctris/admin/css/remixicon.css]
[unicons.iconscout.com/release/v3.0.6/css/line.css]
[shreethemes.in/doctris/admin/css/tiny-slider.css]
[shreethemes.in/doctris/admin/css/style.min.css]
[shreethemes.in/doctris/admin/images/logo-dark.png]
[shreethemes.in/doctris/admin/appointment.html]
[shreethemes.in/doctris/admin/doctors.html]
[shreethemes.in/doctris/admin/add-doctor.html]
[shreethemes.in/doctris/admin/dr-profile.html]
[shreethemes.in/doctris/admin/patients.html]
[shreethemes.in/doctris/admin/chat.html]
[shreethemes.in/doctris/admin/email.html]
[shreethemes.in/doctris/admin/calendar.html]
[shreethemes.in/doctris/admin/shop.html]
[shreethemes.in/doctris/admin/product-detail.html]
[shreethemes.in/doctris/admin/shopcart.html]
[shreethemes.in/doctris/admin/checkout.html]
[shreethemes.in/doctris/admin/blogs.html]
[shreethemes.in/doctris/admin/blog-detail.html]
[shreethemes.in/doctris/admin/faqs.html]
[shreethemes.in/doctris/admin/invoice-list.html]
[shreethemes.in/doctris/admin/invoice.html]
[shreethemes.in/doctris/admin/terms.html]
[shreethemes.in/doctris/admin/privacy.html]
[shreethemes.in/doctris/admin/error.html]
[shreethemes.in/doctris/admin/login.html]
[shreethemes.in/doctris/admin/signup.html]
[shreethemes.in/doctris/admin/forgot-password.html]
[shreethemes.in/doctris/admin/lock-screen.html]
[shreethemes.in/doctris/admin/thankyou.html]
[shreethemes.in/doctris/admin/components.html]
[shreethemes.in/doctris/admin/images/language/american.png]
[shreethemes.in/doctris/admin/images/language/chinese.png]
[shreethemes.in/doctris/admin/images/language/european.png]
[shreethemes.in/doctris/admin/images/language/indian.png]
[shreethemes.in/doctris/admin/images/language/japanese.png]
[shreethemes.in/doctris/admin/images/language/russian.png]
[shreethemes.in/doctris/admin/images/logo-icon.png]
[shreethemes.in/doctris/admin/images/client/02.jpg]
[shreethemes.in/doctris/admin/images/client/03.jpg]
[shreethemes.in/doctris/admin/images/client/06.jpg]
[shreethemes.in/doctris/admin/images/client/07.jpg]
[shreethemes.in/doctris/admin/images/doctors/01.jpg]
[shreethemes.in/doctris/admin/images/client/01.jpg]
[shreethemes.in/doctris/admin/images/client/04.jpg]
[shreethemes.in/doctris/admin/images/client/05.jpg]
[shreethemes.in/doctris/admin/images/doctors/02.jpg]
[shreethemes.in/doctris/admin/images/bg/bg-chat.png]
[shreethemes.in/doctris/admin/images/client/09.jpg]
[shreethemes.in/doctris/admin/images/doctors/03.jpg]
[shreethemes.in/doctris/admin/images/doctors/04.jpg]
[shreethemes.in/doctris/admin/images/doctors/05.jpg]
[shreethemes.in/doctris/admin/js/bootstrap.bundle.min.js]
[shreethemes.in/doctris/admin/js/simplebar.min.js]
[shreethemes.in/doctris/admin/js/apexcharts.min.js]
[shreethemes.in/doctris/admin/js/columnchart.init.js]
[shreethemes.in/doctris/admin/js/feather.min.js]
[shreethemes.in/doctris/admin/js/app-admin.js]
[shreethemes.in/doctris/admin/index.html]
[shreethemes.in/doctris/admin/css/bootstrap.min.css]
[shreethemes.in/doctris/admin/css/simplebar.css]
[shreethemes.in/doctris/admin/css/select2.min.css]
[shreethemes.in/doctris/admin/fonts/materialdesignicons-webfonte910.eot]
[shreethemes.in/doctris/admin/fonts/materialdesignicons-webfontd41d.eot]
[shreethemes.in/doctris/admin/fonts/materialdesignicons-webfonte910.woff2]
[shreethemes.in/doctris/admin/fonts/materialdesignicons-webfonte910.woff]
[shreethemes.in/doctris/admin/css/materialdesignicons.min.css]
[shreethemes.in/doctris/admin/fonts/materialdesignicons-webfonte910.ttf]
[shreethemes.in/doctris/admin/fonts/remixicondf6d.eot]
[shreethemes.in/doctris/admin/fonts/remixicondf6d.woff2]
[shreethemes.in/doctris/admin/fonts/remixicondf6d.woff]
[shreethemes.in/doctris/admin/fonts/remixicondf6d.ttf]
[shreethemes.in/doctris/admin/css/remixicon.css]
[unicons.iconscout.com/release/v3.0.6/css/line.css]
[shreethemes.in/doctris/admin/css/tiny-slider.css]
[shreethemes.in/doctris/admin/css/style.min.css]
[shreethemes.in/doctris/admin/css/flatpickr.min.css]
[shreethemes.in/doctris/admin/css/jquery.timepicker.min.css]
[shreethemes.in/doctris/admin/images/client/08.jpg]
[shreethemes.in/doctris/admin/images/doctors/06.jpg]
[shreethemes.in/doctris/admin/images/doctors/07.jpg]
[shreethemes.in/doctris/admin/images/client/10.jpg]
[shreethemes.in/doctris/admin/images/doctors/08.jpg]
[shreethemes.in/doctris/admin/js/jquery-3.5.1.min.js]
[shreethemes.in/doctris/admin/js/select2.min.js]
[shreethemes.in/doctris/admin/js/select2.init.js]
[shreethemes.in/doctris/admin/js/flatpickr.min.js]
[shreethemes.in/doctris/admin/js/flatpickr.init.js]
[shreethemes.in/doctris/admin/js/jquery.timepicker.min.js]
[shreethemes.in/doctris/admin/js/timepicker.init.js]
[shreethemes.in/doctris/admin/appointment.html]
[shreethemes.in/doctris/admin/images/doctors/09.jpg]
[shreethemes.in/doctris/admin/doctors.html]
[shreethemes.in/doctris/admin/images/doctors/10.jpg]
[shreethemes.in/doctris/admin/add-doctor.html]
[shreethemes.in/doctris/admin/js/tiny-slider.js]
[shreethemes.in/doctris/admin/dr-profile.html]
[shreethemes.in/doctris/admin/js/tiny-slider-init.js]
[shreethemes.in/doctris/admin/patients.html]
[shreethemes.in/doctris/admin/chat.html]
[shreethemes.in/doctris/admin/email.html]
[shreethemes.in/doctris/admin/js/ckeditor.js]
[shreethemes.in/doctris/admin/css/fullcalendar.min.css]
[shreethemes.in/doctris/admin/js/fullcalendar.min.js]
[shreethemes.in/doctris/admin/js/fullcalendar.init.js]
[shreethemes.in/doctris/admin/calendar.html]
[shreethemes.in/doctris/admin/images/pharmacy/shop/thermometer.jpg]
[shreethemes.in/doctris/admin/images/pharmacy/shop/stethoscope.jpg]
[shreethemes.in/doctris/admin/images/pharmacy/shop/pulse-oximeter.jpg]
[shreethemes.in/doctris/admin/images/pharmacy/shop/medicine.jpg]
[shreethemes.in/doctris/admin/images/pharmacy/shop/smoking-habit.jpg]
[shreethemes.in/doctris/admin/images/pharmacy/shop/sanitizer.jpg]
[shreethemes.in/doctris/admin/images/pharmacy/shop/nicotex.jpg]
[shreethemes.in/doctris/admin/images/pharmacy/shop/medigrip.jpg]
[shreethemes.in/doctris/admin/images/pharmacy/shop/masks.jpg]
[shreethemes.in/doctris/admin/images/pharmacy/shop/handwash.jpg]
[shreethemes.in/doctris/admin/images/pharmacy/skin.jpg]
[shreethemes.in/doctris/admin/images/pharmacy/sexual.jpg]
[shreethemes.in/doctris/admin/images/pharmacy/weight.jpg]
[shreethemes.in/doctris/admin/images/pharmacy/pain.jpg]
[shreethemes.in/doctris/admin/images/pharmacy/heart.jpg]
[shreethemes.in/doctris/admin/images/pharmacy/cough.jpg]
[shreethemes.in/doctris/admin/images/pharmacy/diabetes.jpg]
[shreethemes.in/doctris/admin/images/pharmacy/cancer.jpg]
[shreethemes.in/doctris/admin/images/pharmacy/shop/ashwagandha.jpg]
[shreethemes.in/doctris/admin/images/pharmacy/shop/beby-products.jpg]
[shreethemes.in/doctris/admin/images/pharmacy/shop/kidney-tray.jpg]
[shreethemes.in/doctris/admin/images/pharmacy/shop/herbal-care.jpg]
[shreethemes.in/doctris/admin/images/pharmacy/shop/medical-equptment.jpg]
[shreethemes.in/doctris/admin/shop.html]
[shreethemes.in/doctris/admin/css/slick.css]
[shreethemes.in/doctris/admin/css/slick-theme.css]
[shreethemes.in/doctris/admin/images/pharmacy/shop/01.jpg]
[shreethemes.in/doctris/admin/images/pharmacy/shop/02.jpg]
[shreethemes.in/doctris/admin/images/pharmacy/shop/03.jpg]
[shreethemes.in/doctris/admin/images/pharmacy/shop/04.jpg]
[shreethemes.in/doctris/admin/js/slick.min.js]
[shreethemes.in/doctris/admin/js/slick.init.js]
[shreethemes.in/doctris/admin/product-detail.html]
[shreethemes.in/doctris/admin/images/pharmacy/shop/diabend.jpg]
[shreethemes.in/doctris/admin/shopcart.html]
[shreethemes.in/doctris/admin/images/pharmacy/shop/facewash.jpg]
[shreethemes.in/doctris/admin/checkout.html]
[shreethemes.in/doctris/admin/images/blog/01.jpg]
[shreethemes.in/doctris/admin/images/blog/02.jpg]
[shreethemes.in/doctris/admin/images/blog/03.jpg]
[shreethemes.in/doctris/admin/images/blog/04.jpg]
[shreethemes.in/doctris/admin/images/blog/05.jpg]
[shreethemes.in/doctris/admin/images/blog/06.jpg]
[shreethemes.in/doctris/admin/images/blog/07.jpg]
[shreethemes.in/doctris/admin/images/blog/08.jpg]
[shreethemes.in/doctris/admin/images/blog/09.jpg]
[shreethemes.in/doctris/admin/blogs.html]
[shreethemes.in/doctris/admin/images/blog/single.jpg]
[shreethemes.in/doctris/admin/blog-detail.html]
[shreethemes.in/doctris/admin/faqs.html]
[shreethemes.in/doctris/admin/invoice-list.html]
[shreethemes.in/doctris/admin/invoice.html]
[shreethemes.in/doctris/admin/terms.html]
[shreethemes.in/doctris/admin/privacy.html]
[shreethemes.in/doctris/admin/images/bg/bg-lines-one.png]
[shreethemes.in/doctris/admin/error.html]
[shreethemes.in/doctris/admin/login.html]
[shreethemes.in/doctris/admin/signup.html]
[shreethemes.in/doctris/admin/forgot-password.html]
[shreethemes.in/doctris/admin/lock-screen.html]
[shreethemes.in/doctris/admin/thankyou.html]
[shreethemes.in/doctris/admin/components.html]
[shreethemes.in/doctris/admin/images/client/Codepen.svg]
[shreethemes.in/doctris/admin/images/client/dribbble.svg]
[shreethemes.in/doctris/admin/profile.html]
[shreethemes.in/doctris/admin/fonts/remixicondf6d.svg]
[shreethemes.in/doctris/admin/css/flatpickr.min.css]
[shreethemes.in/doctris/admin/css/jquery.timepicker.min.css]
[shreethemes.in/doctris/admin/images/client/amazon.svg]
[shreethemes.in/doctris/admin/images/client/google.svg]
[shreethemes.in/doctris/admin/images/client/lenovo.svg]
[shreethemes.in/doctris/admin/images/client/paypal.svg]
[shreethemes.in/doctris/admin/images/client/shopify.svg]
[shreethemes.in/doctris/admin/images/client/spotify.svg]
[shreethemes.in/doctris/admin/css/fullcalendar.min.css]
[shreethemes.in/doctris/admin/css/slick.css]
[shreethemes.in/doctris/admin/fonts/ajax-loader.gif]
[shreethemes.in/doctris/admin/fonts/slick.woff]
[shreethemes.in/doctris/admin/fonts/slick.ttf]
[shreethemes.in/doctris/admin/css/slick-theme.css]
[shreethemes.in/doctris/admin/pharmacy-product-detail.html]
[shreethemes.in/doctris/admin/shop-cart.html]
[shreethemes.in/doctris/admin/images/svg/error.svg]
[shreethemes.in/doctris/admin/css/fonts/slick.html]
[shreethemes.in/doctris/admin/css/fonts/slickd41d.html]
[shreethemes.in/doctris/admin/css/fonts/slick-2.html]
