[shreethemes.in/doctris/html/doctor-dashboard.html]
[backblue.gif]
[fade.gif]
[index.html]
[shreethemes.in/doctris/html/images/favicon.ico]
[shreethemes.in/doctris/html/css/bootstrap.min.css]
[shreethemes.in/doctris/html/css/tiny-slider.css]
[shreethemes.in/doctris/html/css/materialdesignicons.min.css]
[shreethemes.in/doctris/html/css/remixicon.css]
[unicons.iconscout.com/release/v3.0.6/css/line.css]
[shreethemes.in/doctris/html/css/style.min.css]
[shreethemes.in/doctris/html/index.html]
[shreethemes.in/doctris/html/images/logo-dark.png]
[shreethemes.in/doctris/html/images/doctors/01.jpg]
[shreethemes.in/doctris/html/doctor-profile.html]
[shreethemes.in/doctris/html/doctor-profile-setting.html]
[shreethemes.in/doctris/html/login.html]
[shreethemes.in/doctris/html/index-two.html]
[shreethemes.in/doctris/html/index-three.html]
[shreethemes.in/doctris/html/doctor-appointment.html]
[shreethemes.in/doctris/html/patient-list.html]
[shreethemes.in/doctris/html/doctor-schedule.html]
[shreethemes.in/doctris/html/invoices.html]
[shreethemes.in/doctris/html/patient-review.html]
[shreethemes.in/doctris/html/doctor-messages.html]
[shreethemes.in/doctris/html/doctor-chat.html]
[shreethemes.in/doctris/html/signup.html]
[shreethemes.in/doctris/html/forgot-password.html]
[shreethemes.in/doctris/html/doctor-team-one.html]
[shreethemes.in/doctris/html/doctor-team-two.html]
[shreethemes.in/doctris/html/doctor-team-three.html]
[shreethemes.in/doctris/html/patient-dashboard.html]
[shreethemes.in/doctris/html/patient-profile.html]
[shreethemes.in/doctris/html/booking-appointment.html]
[shreethemes.in/doctris/html/patient-invoice.html]
[shreethemes.in/doctris/html/pharmacy.html]
[shreethemes.in/doctris/html/pharmacy-shop.html]
[shreethemes.in/doctris/html/pharmacy-product-detail.html]
[shreethemes.in/doctris/html/pharmacy-shop-cart.html]
[shreethemes.in/doctris/html/pharmacy-checkout.html]
[shreethemes.in/doctris/html/pharmacy-account.html]
[shreethemes.in/doctris/html/aboutus.html]
[shreethemes.in/doctris/html/departments.html]
[shreethemes.in/doctris/html/faqs.html]
[shreethemes.in/doctris/html/blogs.html]
[shreethemes.in/doctris/html/blog-detail.html]
[shreethemes.in/doctris/html/terms.html]
[shreethemes.in/doctris/html/privacy.html]
[shreethemes.in/doctris/html/error.html]
[shreethemes.in/doctris/html/contact.html]
[shreethemes.in/doctris/html/images/doctors/profile-bg.jpg]
[shreethemes.in/doctris/html/images/client/01.jpg]
[shreethemes.in/doctris/html/images/client/02.jpg]
[shreethemes.in/doctris/html/images/client/03.jpg]
[shreethemes.in/doctris/html/images/client/04.jpg]
[shreethemes.in/doctris/html/images/client/05.jpg]
[shreethemes.in/doctris/html/images/client/06.jpg]
[shreethemes.in/doctris/html/images/client/07.jpg]
[shreethemes.in/doctris/html/images/client/08.jpg]
[shreethemes.in/doctris/html/images/client/09.jpg]
[shreethemes.in/doctris/html/images/client/10.jpg]
[shreethemes.in/doctris/html/js/bootstrap.bundle.min.js]
[shreethemes.in/doctris/html/js/tiny-slider.js]
[shreethemes.in/doctris/html/js/tiny-slider-init.js]
[shreethemes.in/doctris/html/js/apexcharts.min.js]
[shreethemes.in/doctris/html/js/areachart.init.js]
[shreethemes.in/doctris/html/js/feather.min.js]
[shreethemes.in/doctris/html/js/app.js]
[shreethemes.in/doctris/html/doctor-dashboard.html]
[shreethemes.in/doctris/html/css/bootstrap.min.css]
[shreethemes.in/doctris/html/css/tiny-slider.css]
[shreethemes.in/doctris/html/fonts/materialdesignicons-webfonte910.eot]
[shreethemes.in/doctris/html/fonts/materialdesignicons-webfontd41d.eot]
[shreethemes.in/doctris/html/fonts/materialdesignicons-webfonte910.woff2]
[shreethemes.in/doctris/html/fonts/materialdesignicons-webfonte910.woff]
[shreethemes.in/doctris/html/fonts/materialdesignicons-webfonte910.ttf]
[shreethemes.in/doctris/html/css/materialdesignicons.min.css]
[shreethemes.in/doctris/html/fonts/remixicondf6d.eot]
[shreethemes.in/doctris/html/fonts/remixicondf6d.woff2]
[shreethemes.in/doctris/html/fonts/remixicondf6d.woff]
[shreethemes.in/doctris/html/fonts/remixicondf6d.ttf]
[shreethemes.in/doctris/html/css/remixicon.css]
[unicons.iconscout.com/release/v3.0.6/css/line.css]
[shreethemes.in/doctris/html/css/style.min.css]
[shreethemes.in/doctris/html/images/logo-light.png]
[shreethemes.in/doctris/html/images/bg/01.jpg]
[shreethemes.in/doctris/html/images/logo-icon.png]
[shreethemes.in/doctris/html/images/about/about-2.png]
[shreethemes.in/doctris/html/images/doctors/03.jpg]
[shreethemes.in/doctris/html/images/doctors/02.jpg]
[shreethemes.in/doctris/html/images/doctors/05.jpg]
[shreethemes.in/doctris/html/images/doctors/04.jpg]
[shreethemes.in/doctris/html/images/doctors/06.jpg]
[shreethemes.in/doctris/html/images/blog/01.jpg]
[shreethemes.in/doctris/html/images/blog/02.jpg]
[shreethemes.in/doctris/html/images/blog/03.jpg]
[shreethemes.in/doctris/html/index.html]
[shreethemes.in/doctris/html/js/counter.init.js]
[shreethemes.in/doctris/html/images/doctors/dr-profile.png]
[shreethemes.in/doctris/html/images/doctors/07.jpg]
[shreethemes.in/doctris/html/images/doctors/08.jpg]
[shreethemes.in/doctris/html/doctor-profile.html]
[shreethemes.in/doctris/html/doctor-profile-setting.html]
[shreethemes.in/doctris/html/images/bg/bg-lines-one.png]
[shreethemes.in/doctris/html/login.html]
[shreethemes.in/doctris/html/images/hero.png]
[shreethemes.in/doctris/html/images/cta.jpg]
[shreethemes.in/doctris/html/index-two.html]
[shreethemes.in/doctris/html/css/select2.min.css]
[shreethemes.in/doctris/html/css/flatpickr.min.css]
[shreethemes.in/doctris/html/css/jquery.timepicker.min.css]
[shreethemes.in/doctris/html/images/bg/05.jpg]
[shreethemes.in/doctris/html/js/jquery-3.5.1.min.js]
[shreethemes.in/doctris/html/js/easy_background.js]
[shreethemes.in/doctris/html/js/select2.min.js]
[shreethemes.in/doctris/html/js/select2.init.js]
[shreethemes.in/doctris/html/js/flatpickr.min.js]
[shreethemes.in/doctris/html/js/flatpickr.init.js]
[shreethemes.in/doctris/html/js/jquery.timepicker.min.js]
[shreethemes.in/doctris/html/js/timepicker.init.js]
[shreethemes.in/doctris/html/images/bg/03.jpg]
[shreethemes.in/doctris/html/index-three.html]
[shreethemes.in/doctris/html/doctor-appointment.html]
[shreethemes.in/doctris/html/patient-list.html]
[shreethemes.in/doctris/html/css/fullcalendar.min.css]
[shreethemes.in/doctris/html/js/fullcalendar.min.js]
[shreethemes.in/doctris/html/js/fullcalendar.init.js]
[shreethemes.in/doctris/html/doctor-schedule.html]
[shreethemes.in/doctris/html/invoices.html]
[shreethemes.in/doctris/html/patient-review.html]
[shreethemes.in/doctris/html/doctor-messages.html]
[shreethemes.in/doctris/html/js/ckeditor.js]
[shreethemes.in/doctris/html/css/simplebar.css]
[shreethemes.in/doctris/html/images/bg/bg-chat.png]
[shreethemes.in/doctris/html/doctor-chat.html]
[shreethemes.in/doctris/html/signup.html]
[shreethemes.in/doctris/html/forgot-password.html]
[shreethemes.in/doctris/html/doctor-team-one.html]
[shreethemes.in/doctris/html/doctor-team-two.html]
[shreethemes.in/doctris/html/doctor-team-three.html]
[shreethemes.in/doctris/html/js/simplebar.min.js]
[shreethemes.in/doctris/html/images/payment/mastercard.png]
[shreethemes.in/doctris/html/images/payment/discover.png]
[shreethemes.in/doctris/html/images/payment/rupay.png]
[shreethemes.in/doctris/html/images/payment/american.png]
[shreethemes.in/doctris/html/js/radialchartinit.js]
[shreethemes.in/doctris/html/patient-dashboard.html]
[shreethemes.in/doctris/html/images/bg/bg-profile.jpg]
[shreethemes.in/doctris/html/patient-profile.html]
[shreethemes.in/doctris/html/booking-appointment.html]
[shreethemes.in/doctris/html/patient-invoice.html]
[shreethemes.in/doctris/html/images/bg/slider01.jpg]
[shreethemes.in/doctris/html/images/bg/slider02.jpg]
[shreethemes.in/doctris/html/images/bg/slider03.jpg]
[shreethemes.in/doctris/html/images/pharmacy/skin.jpg]
[shreethemes.in/doctris/html/images/pharmacy/sexual.jpg]
[shreethemes.in/doctris/html/images/pharmacy/weight.jpg]
[shreethemes.in/doctris/html/images/pharmacy/pain.jpg]
[shreethemes.in/doctris/html/images/pharmacy/heart.jpg]
[shreethemes.in/doctris/html/images/pharmacy/cough.jpg]
[shreethemes.in/doctris/html/images/pharmacy/diabetes.jpg]
[shreethemes.in/doctris/html/images/pharmacy/cancer.jpg]
[shreethemes.in/doctris/html/images/pharmacy/doctor.jpg]
[shreethemes.in/doctris/html/images/pharmacy/delivery.jpg]
[shreethemes.in/doctris/html/images/pharmacy/download.png]
[shreethemes.in/doctris/html/pharmacy.html]
[shreethemes.in/doctris/html/images/bg/pharm01.jpg]
[shreethemes.in/doctris/html/images/bg/pharm02.jpg]
[shreethemes.in/doctris/html/images/bg/pharm03.jpg]
[shreethemes.in/doctris/html/images/pharmacy/shop/thermometer.jpg]
[shreethemes.in/doctris/html/images/pharmacy/shop/stethoscope.jpg]
[shreethemes.in/doctris/html/images/pharmacy/shop/pulse-oximeter.jpg]
[shreethemes.in/doctris/html/images/pharmacy/shop/medicine.jpg]
[shreethemes.in/doctris/html/images/pharmacy/shop/smoking-habit.jpg]
[shreethemes.in/doctris/html/images/pharmacy/shop/sanitizer.jpg]
[shreethemes.in/doctris/html/images/pharmacy/shop/nicotex.jpg]
[shreethemes.in/doctris/html/images/pharmacy/shop/medigrip.jpg]
[shreethemes.in/doctris/html/images/pharmacy/cta.jpg]
[shreethemes.in/doctris/html/images/pharmacy/shop/masks.jpg]
[shreethemes.in/doctris/html/images/pharmacy/shop/handwash.jpg]
[shreethemes.in/doctris/html/images/pharmacy/shop/herbal-care.jpg]
[shreethemes.in/doctris/html/images/pharmacy/shop/medical-equptment.jpg]
[shreethemes.in/doctris/html/images/pharmacy/shop/praganews.jpg]
[shreethemes.in/doctris/html/images/pharmacy/shop/ashwagandha.jpg]
[shreethemes.in/doctris/html/images/pharmacy/shop/beby-products.jpg]
[shreethemes.in/doctris/html/images/pharmacy/shop/kidney-tray.jpg]
[shreethemes.in/doctris/html/pharmacy-shop.html]
[shreethemes.in/doctris/html/css/slick.css]
[shreethemes.in/doctris/html/css/slick-theme.css]
[shreethemes.in/doctris/html/images/pharmacy/shop/01.jpg]
[shreethemes.in/doctris/html/images/pharmacy/shop/02.jpg]
[shreethemes.in/doctris/html/images/pharmacy/shop/03.jpg]
[shreethemes.in/doctris/html/images/pharmacy/shop/04.jpg]
[shreethemes.in/doctris/html/js/slick.min.js]
[shreethemes.in/doctris/html/js/slick.init.js]
[shreethemes.in/doctris/html/pharmacy-product-detail.html]
[shreethemes.in/doctris/html/images/pharmacy/shop/diabend.jpg]
[shreethemes.in/doctris/html/images/pharmacy/shop/facewash.jpg]
[shreethemes.in/doctris/html/pharmacy-shop-cart.html]
[shreethemes.in/doctris/html/pharmacy-checkout.html]
[shreethemes.in/doctris/html/pharmacy-account.html]
[shreethemes.in/doctris/html/images/bg/about.jpg]
[shreethemes.in/doctris/html/aboutus.html]
[shreethemes.in/doctris/html/images/bg/department.jpg]
[shreethemes.in/doctris/html/departments.html]
[shreethemes.in/doctris/html/faqs.html]
[shreethemes.in/doctris/html/images/bg/02.jpg]
[shreethemes.in/doctris/html/images/blog/04.jpg]
[shreethemes.in/doctris/html/images/blog/05.jpg]
[shreethemes.in/doctris/html/images/blog/06.jpg]
[shreethemes.in/doctris/html/images/blog/07.jpg]
[shreethemes.in/doctris/html/images/blog/08.jpg]
[shreethemes.in/doctris/html/images/blog/09.jpg]
[shreethemes.in/doctris/html/blogs.html]
[shreethemes.in/doctris/html/images/blog/single.jpg]
[shreethemes.in/doctris/html/blog-detail.html]
[shreethemes.in/doctris/html/terms.html]
[shreethemes.in/doctris/html/privacy.html]
[shreethemes.in/doctris/html/error.html]
[shreethemes.in/doctris/html/js/contact.js]
[shreethemes.in/doctris/html/contact.html]
[shreethemes.in/doctris/html/images/client/amazon.svg]
[shreethemes.in/doctris/html/images/client/google.svg]
[shreethemes.in/doctris/html/images/client/lenovo.svg]
[shreethemes.in/doctris/html/images/client/paypal.svg]
[shreethemes.in/doctris/html/fonts/remixicondf6d.svg]
[shreethemes.in/doctris/html/images/client/shopify.svg]
[shreethemes.in/doctris/html/images/client/spotify.svg]
[shreethemes.in/doctris/html/images/svg/vaccine-development-amico.svg]
[shreethemes.in/doctris/html/css/select2.min.css]
[shreethemes.in/doctris/html/css/flatpickr.min.css]
[shreethemes.in/doctris/html/css/jquery.timepicker.min.css]
[shreethemes.in/doctris/html/css/fullcalendar.min.css]
[shreethemes.in/doctris/html/css/simplebar.css]
[shreethemes.in/doctris/html/doctor-with-map-one.html]
[shreethemes.in/doctris/html/doctor-with-map-two.html]
[shreethemes.in/doctris/html/pricing.html]
[shreethemes.in/doctris/html/tears.html]
[shreethemes.in/doctris/html/comingsoon.html]
[shreethemes.in/doctris/html/maintenance.html]
[shreethemes.in/doctris/html/css/slick.css]
[shreethemes.in/doctris/html/fonts/ajax-loader.gif]
[shreethemes.in/doctris/html/fonts/slick.woff]
[shreethemes.in/doctris/html/fonts/slick.ttf]
[shreethemes.in/doctris/html/css/slick-theme.css]
[shreethemes.in/doctris/html/shop-cart.html]
[shreethemes.in/doctris/html/images/svg/error.svg]
[shreethemes.in/doctris/html/css/fonts/slick.html]
[shreethemes.in/doctris/html/css/fonts/slickd41d.html]
[shreethemes.in/doctris/html/css/fonts/slick-2.html]
